[es.weather-forecast.com/maps/Spain.html]
[backblue.gif]
[fade.gif]
[index.html]
[www.weather-forecast.com/assets/application-2f57279b2f843d228abfbac1ddda1250.css]
[www.weather-forecast.com/assets/print-5f8bae1e55f6a9a3ba59ab5d00c1c128.css]
[www.weather-forecast.com/assets/vendor/modernizr-7b1a54ed8ea52430183b841d219f4140.js]
[securepubads.g.doubleclick.net/tag/js/gpt.js]
[www.google-analytics.com/analytics.js]
[www.weather-forecast.com/img/logo_n.jpg]
[www.weather-forecast.com/images/blank.gif]
[es.weather-forecast.com/images/weather_forecast_widget_2x.png]
[es.weather-forecast.com/images/blank.gif]
[es.weather-forecast.com/maps/Spain9154.html]
[es.weather-forecast.com/maps/Spaindd50.html]
[es.weather-forecast.com/maps/Spain1224.html]
[es.weather-forecast.com/maps/Spain2dad.html]
[es.weather-forecast.com/images/wxicons2snow/temperature.png]
[es.weather-forecast.com/maps/Spain2e4e.html]
[es.weather-forecast.com/images/wxicons2snow/weather.png]
[es.weather-forecast.com/maps/Spaina63d.html]
[es.weather-forecast.com/images/wxicons2/wind.jpg]
[es.weather-forecast.com/maps/Spain5daf.html]
[es.weather-forecast.com/images/wxicons2snow/webcam.png]
[es.weather-forecast.com/maps/Spain89a2.html]
[es.weather-forecast.com/images/wxicons2/temp.jpg]
[assets.weather-forecast.com/maps/static/t_Spain.lapse.6.cc23.jpg]
[es.weather-forecast.com/maps/Spainef87.html]
[es.weather-forecast.com/images/wxicons2/cloud1.jpg]
[assets.weather-forecast.com/maps/static/t_Spain.cloud.6.cc23.jpg]
[es.weather-forecast.com/images/wxicons2/weather.jpg]
[assets.weather-forecast.com/maps/static/t_Spain.weather_pressure.6.cc23.jpg]
[es.weather-forecast.com/maps/Spain2153.html]
[assets.weather-forecast.com/maps/static/t_Spain.wind.6.cc23.jpg]
[es.weather-forecast.com/maps/Spainb9e9.html]
[es.weather-forecast.com/images/wxicons2/snow.png]
[assets.weather-forecast.com/maps/static/t_Spain.prec.6.cc23.jpg]
[es.weather-forecast.com/maps/Spain2b79.html]
[es.weather-forecast.com/maps/Spain9e95.html]
[es.weather-forecast.com/maps/Spainf38f.html]
[es.weather-forecast.com/maps/Spain68a8.html]
[es.weather-forecast.com/maps/Spaine904.html]
[es.weather-forecast.com/maps/Spainfeec.html]
[es.weather-forecast.com/maps/Spain0063.html]
[es.weather-forecast.com/maps/Spainb8f7.html]
[es.weather-forecast.com/maps/Spaincaa9.html]
[es.weather-forecast.com/maps/Spain9b32.html]
[es.weather-forecast.com/maps/Spaindd21.html]
[es.weather-forecast.com/maps/Spain0013.html]
[es.weather-forecast.com/maps/Spain5f97.html]
[es.weather-forecast.com/maps/Spaindc3e.html]
[es.weather-forecast.com/maps/Spainb436.html]
[es.weather-forecast.com/maps/Spain8f69.html]
[es.weather-forecast.com/maps/Spainea05.html]
[es.weather-forecast.com/maps/Spainc806.html]
[es.weather-forecast.com/maps/Spain5648.html]
[es.weather-forecast.com/maps/Spaindee8.html]
[es.weather-forecast.com/maps/Spaincd2b.html]
[es.weather-forecast.com/maps/Spain4058.html]
[es.weather-forecast.com/maps/Spain3ba5.html]
[es.weather-forecast.com/images/fb.png]
[es.weather-forecast.com/images/t.png]
[www.weather-forecast.com/images/surf.png]
[www.weather-forecast.com/images/snow.png]
[www.weather-forecast.com/images/mountain.png]
[www.weather-forecast.com/images/tide.png]
[es.weather-forecast.com/maps/Spain.html]
[assets.weather-forecast.com/maps/dynamic/Spain.title.js]
[www.weather-forecast.com/assets/application-8d24bfb4ea5f089fc6aedba7cc319ede.js]
[www.weather-forecast.com/wxicons38/allsprite.png]
[www.weather-forecast.com/assets/base/sh2-4fd267c6ad56697cfd2f61dedc7e8ba7.gif]
[www.weather-forecast.com/assets/fontawesome-webfont-2a1eb00d733f7b3abcbc26e365801d0093e3.eot]
[www.weather-forecast.com/assets/fontawesome-webfont-fa136772df5b133553c784c0ff0fa56a93e3.woff2]
[www.weather-forecast.com/assets/fontawesome-webfont-2a1eb00d733f7b3abcbc26e365801d00d41d.eot]
[www.weather-forecast.com/assets/fontawesome-webfont-f2a9004d897733ee518fb3d48f0fbb5393e3.woff]
[www.weather-forecast.com/assets/fontawesome-webfont-7054e4dc1d9656ea3f45a5e6a1127fa093e3.ttf]
[www.weather-forecast.com/assets/fontawesome-webfont-e568997ef41afd4cec528c50ed48386893e3.svg]
[www.weather-forecast.com/assets/base/grad-c48381953ec49d04ef7c9ac67eddfc75.png]
[www.weather-forecast.com/assets/application-2f57279b2f843d228abfbac1ddda1250.css]
[www.weather-forecast.com/assets/print-5f8bae1e55f6a9a3ba59ab5d00c1c128.css]
[www.googletagmanager.com/gtm5445.html]
[es.weather-forecast.com/maps/Spain9154.html]
[es.weather-forecast.com/maps/Spaindd50.html]
[es.weather-forecast.com/maps/Spain1224.html]
[es.weather-forecast.com/maps/Spain2dad.html]
[es.weather-forecast.com/maps/Spain2e4e.html]
[es.weather-forecast.com/maps/Spaina63d.html]
[es.weather-forecast.com/maps/Spain5daf.html]
[es.weather-forecast.com/maps/Spain89a2.html]
[es.weather-forecast.com/maps/Spainef87.html]
[es.weather-forecast.com/maps/Spain2153.html]
[es.weather-forecast.com/maps/Spainb9e9.html]
[es.weather-forecast.com/maps/Spain2b79.html]
[es.weather-forecast.com/maps/Spain9e95.html]
[es.weather-forecast.com/maps/Spainf38f.html]
[es.weather-forecast.com/maps/Spain68a8.html]
[es.weather-forecast.com/maps/Spaine904.html]
[es.weather-forecast.com/maps/Spainfeec.html]
[es.weather-forecast.com/maps/Spain0063.html]
[es.weather-forecast.com/maps/Spainb8f7.html]
[es.weather-forecast.com/maps/Spaincaa9.html]
[es.weather-forecast.com/maps/Spain9b32.html]
[es.weather-forecast.com/maps/Spaindd21.html]
[es.weather-forecast.com/maps/Spain0013.html]
[es.weather-forecast.com/maps/Spain5f97.html]
[es.weather-forecast.com/maps/Spaindc3e.html]
[es.weather-forecast.com/maps/Spainb436.html]
[es.weather-forecast.com/maps/Spain8f69.html]
[es.weather-forecast.com/maps/Spainea05.html]
[es.weather-forecast.com/maps/Spainc806.html]
[es.weather-forecast.com/maps/Spain5648.html]
[es.weather-forecast.com/maps/Spaindee8.html]
[es.weather-forecast.com/maps/Spaincd2b.html]
[es.weather-forecast.com/maps/Spain4058.html]
[es.weather-forecast.com/maps/Spain3ba5.html]
[es.weather-forecast.com/maps/dynamic/index.html]
[www.weather-forecast.com/assets/fontawesome-webfont-e568997ef41afd4cec528c50ed48386893e3.svg]
